[download-worker] OK video_id=dLl4PZtxia8 title='Hotel California' track_no=1
[download-worker] OK video_id=_fW2rw8SwoA title='New Kid in Town' track_no=2
[download-worker] OK video_id=Ybg_uZxdE0c title='Life in the Fast Lane' track_no=3
[download-worker] OK video_id=evxkY964tqk title='Wasted Time' track_no=4
[download-worker] OK video_id=MKezTEsX2co title='Wasted Time (Reprise)' track_no=5
[download-worker] OK video_id=eqAzOeDoQwE title='Victim of Love' track_no=6
[download-worker] OK video_id=2DNVT_epln0 title='Pretty Maids All in a Row' track_no=7
[download-worker] OK video_id=_0A7UXFPxS8 title='Try and Love Again' track_no=8
[download-worker] OK video_id=72kQl0P2n3M title='The Last Resort' track_no=9
[download-worker] OK video_id=UVznunr4ArI title='王都グランセル - Royal Capital Grancel' track_no=1
[download-worker] OK video_id=s8LHaGR8Q4I title='アドバイス ～おいでませなのモナの店～ (「モナークモナーク」アレンジ曲) - Advice ~Oidemase Nano Mona No Mise~ (Arranged from "Monarch Monarch")' track_no=2
[download-worker] OK video_id=PRfd6H5Y1bo title="オクトゥムの願い (オーケストラアレンジ) - Octum's Desire (Orchestra Arrange)" track_no=3
[download-worker] OK video_id=mSx_BqX5Sfc title='波紋 - Nami' track_no=4
[download-worker] OK video_id=LxbU7W7HCOo title='時の封印 (オリジナル) - Sealed Time' track_no=5
[download-worker] OK video_id=-wYIjDE6N5k title='Land of Fertility' track_no=7
[download-worker] OK video_id=IXn1IqBDYA4 title='Isolated Island Consigned to Oblivion' track_no=8
[download-worker] OK video_id=gKDrfNXkCzA title='浜辺の午後 - Afternoon on the Beach' track_no=9
[download-worker] OK video_id=MeI8EWnGs1s title='Eclipse' track_no=10
[download-worker] OK video_id=ZU-cCNqcsko title='希望へ続く道 - The Road Towards Hope' track_no=12
[download-worker] OK video_id=fEORZSJw6jA title='Crimson Fighter' track_no=13
[download-worker] OK video_id=ttbyGlDkoLU title='Believing - Feena & Reah -' track_no=15
[download-worker] OK video_id=-25tvDuHfi8 title='爆釣王よ永遠に - Forever Great Angler King' track_no=16
[download-worker] OK video_id=nDMQ32YHBEY title='竪琴 - Harp' track_no=17
[download-worker] OK video_id=6U2ippsyyyo title='深淵なる水洞 - The Water Cave of the Abyss' track_no=18
[download-worker] OK video_id=00Qa5iCSgpg title='Armored Bane' track_no=19
[download-worker] OK video_id=juRFjpB5Ppg title='Tití Me Preguntó' track_no=3
[download-worker] OK video_id=I0AcQpE3gxA title='Cry for Me, Cry for You' track_no=4
[download-worker] OK video_id=fufIJ9Pbe2A title='にぎやかな街角 - A Bustling Street Corner' track_no=1
[download-worker] OK video_id=hj3O2Yk6eaw title='Soul to Burn' track_no=2
[download-worker] OK video_id=hj3O2Yk6eaw title='Soul to Burn' track_no=2
[download-worker] OK video_id=7alvcsmhz-Y title='Hope for the Hopeless' track_no=3
[download-worker] OK video_id=hgPflvGM3vg title='バダット - Badatt' track_no=4
[download-worker] OK video_id=fj3xKtQpe_E title='Unknown in the Dark' track_no=5
[download-worker] OK video_id=cilM-3kT7Ug title='Overcome the Rocky Path' track_no=1
[download-worker] OK video_id=ExzeYLRBC10 title='12 Fingers (2020 Remaster)' track_no=3
[download-worker] OK video_id=D3UBHSNNfKc title='Shape Of My Heart' track_no=5
[download-worker] OK video_id=iTbhSnB-jfg title='Modern Man' track_no=6
[download-worker] OK video_id=YLp2cW7ICCU title='"Heroes"' track_no=1
[download-worker] OK video_id=UVznunr4ArI title='王都グランセル - Royal Capital Grancel' track_no=1
